// Jest Snapshot v1, https://goo.gl/fbAQLP

exports[`App: snapshot without error 1`] = `ReactWrapper {}`;
